[0.019s] Invoking command in '/home/kcm/colcon_ws/build/my_interface': /usr/bin/cmake --build /home/kcm/colcon_ws/build/my_interface -- -j1 -l1
[0.146s] -- Found ament_cmake: 1.3.9 (/opt/ros/humble/share/ament_cmake/cmake)
[0.532s] -- Found builtin_interfaces: 1.2.1 (/opt/ros/humble/share/builtin_interfaces/cmake)
[0.595s] -- Found rosidl_generator_c: 3.1.5 (/opt/ros/humble/share/rosidl_generator_c/cmake)
[0.602s] -- Found rosidl_adapter: 3.1.5 (/opt/ros/humble/share/rosidl_adapter/cmake)
[0.623s] -- Found rosidl_generator_cpp: 3.1.5 (/opt/ros/humble/share/rosidl_generator_cpp/cmake)
[0.654s] -- Using all available rosidl_typesupport_c: rosidl_typesupport_fastrtps_c;rosidl_typesupport_introspection_c
[0.686s] -- Using all available rosidl_typesupport_cpp: rosidl_typesupport_fastrtps_cpp;rosidl_typesupport_introspection_cpp
[0.716s] -- Found rosidl_default_generators: 1.2.0 (/opt/ros/humble/share/rosidl_default_generators/cmake)
[1.285s] Error parsing '/home/kcm/colcon_ws/src/my_interface/package.xml':
[1.390s] Traceback (most recent call last):
[1.390s]   File "/usr/lib/python3/dist-packages/catkin_pkg/package.py", line 610, in parse_package_string
[1.390s]     root = dom.parseString(data)
[1.392s]   File "/usr/lib/python3.10/xml/dom/minidom.py", line 2000, in parseString
[1.403s]     return expatbuilder.parseString(string)
[1.403s]   File "/usr/lib/python3.10/xml/dom/expatbuilder.py", line 925, in parseString
[1.405s]     return builder.parseString(string)
[1.405s]   File "/usr/lib/python3.10/xml/dom/expatbuilder.py", line 223, in parseString
[1.405s]     parser.Parse(string, True)
[1.405s] xml.parsers.expat.ExpatError: not well-formed (invalid token): line 18, column 5
[1.405s] 
[1.406s] During handling of the above exception, another exception occurred:
[1.406s] 
[1.406s] Traceback (most recent call last):
[1.406s]   File "/opt/ros/humble/share/ament_cmake_core/cmake/core/package_xml_2_cmake.py", line 150, in <module>
[1.406s]     main()
[1.406s]   File "/opt/ros/humble/share/ament_cmake_core/cmake/core/package_xml_2_cmake.py", line 53, in main
[1.406s]     raise e
[1.406s]   File "/opt/ros/humble/share/ament_cmake_core/cmake/core/package_xml_2_cmake.py", line 49, in main
[1.406s]     package = parse_package_string(
[1.406s]   File "/usr/lib/python3/dist-packages/catkin_pkg/package.py", line 612, in parse_package_string
[1.407s]     raise InvalidPackage('The manifest contains invalid XML:\n%s' % ex, filename)
[1.407s] catkin_pkg.package.InvalidPackage: Error(s) in package '/home/kcm/colcon_ws/src/my_interface/package.xml':
[1.407s] The manifest contains invalid XML:
[1.407s] not well-formed (invalid token): line 18, column 5
[1.467s] [31mCMake Error at /opt/ros/humble/share/ament_cmake_core/cmake/core/ament_package_xml.cmake:95 (message):
[1.467s]   execute_process(/usr/bin/python3
[1.467s]   /opt/ros/humble/share/ament_cmake_core/cmake/core/package_xml_2_cmake.py
[1.467s]   /home/kcm/colcon_ws/src/my_interface/package.xml
[1.467s]   /home/kcm/colcon_ws/build/my_interface/ament_cmake_core/package.cmake)
[1.467s]   returned error code 1
[1.467s] Call Stack (most recent call first):
[1.467s]   /opt/ros/humble/share/ament_cmake_core/cmake/core/ament_package_xml.cmake:49 (_ament_package_xml)
[1.467s]   /opt/ros/humble/share/rosidl_cmake/cmake/rosidl_generate_interfaces.cmake:226 (ament_package_xml)
[1.468s]   CMakeLists.txt:18 (rosidl_generate_interfaces)
[1.468s] 
[1.483s] [0m
[1.484s] -- Configuring incomplete, errors occurred!
[1.484s] See also "/home/kcm/colcon_ws/build/my_interface/CMakeFiles/CMakeOutput.log".
[1.500s] gmake: *** [Makefile:747: cmake_check_build_system] ì˜¤ë¥˜ 1
[1.515s] Invoked command in '/home/kcm/colcon_ws/build/my_interface' returned '2': /usr/bin/cmake --build /home/kcm/colcon_ws/build/my_interface -- -j1 -l1
